
*** Running vivado
    with args -log top.vdi -applog -m64 -product Vivado -messageDb vivado.pb -mode batch -source top.tcl -notrace


ECHO 处于关闭状态。
ECHO 处于关闭状态。

****** Vivado v2023.2 (64-bit)
  **** SW Build 4029153 on Fri Oct 13 20:14:34 MDT 2023
  **** IP Build 4028589 on Sat Oct 14 00:45:43 MDT 2023
  **** SharedData Build 4025554 on Tue Oct 10 17:18:54 MDT 2023
    ** Copyright 1986-2022 Xilinx, Inc. All Rights Reserved.
    ** Copyright 2022-2023 Advanced Micro Devices, Inc. All Rights Reserved.

source top.tcl -notrace
create_project: Time (s): cpu = 00:00:06 ; elapsed = 00:00:06 . Memory (MB): peak = 478.809 ; gain = 178.684
Command: link_design -top top -part xc7k325tffg900-2
Design is defaulting to srcset: sources_1
Design is defaulting to constrset: constrs_1
INFO: [Device 21-403] Loading part xc7k325tffg900-2
INFO: [Project 1-454] Reading design checkpoint 'c:/Users/86138/Desktop/vivado_file/five_level_200MHz_with_all_branch/digital_twin.gen/sources_1/ip/pll/pll.dcp' for cell 'pll_inst'
INFO: [Project 1-454] Reading design checkpoint 'c:/Users/86138/Desktop/vivado_file/five_level_200MHz_with_all_branch/digital_twin.gen/sources_1/ip/dist_mem_gen_1/dist_mem_gen_1.dcp' for cell 'student_top_inst/Mem_IROM'
INFO: [Project 1-454] Reading design checkpoint 'c:/Users/86138/Desktop/vivado_file/five_level_200MHz_with_all_branch/digital_twin.gen/sources_1/ip/blk_mem_gen_0/blk_mem_gen_0.dcp' for cell 'student_top_inst/bridge_inst/dram_driver_inst/Mem_DRAM/uut_BLOCKRAM'
Netlist sorting complete. Time (s): cpu = 00:00:00 ; elapsed = 00:00:00.114 . Memory (MB): peak = 984.023 ; gain = 0.000
INFO: [Netlist 29-17] Analyzing 658 Unisim elements for replacement
INFO: [Netlist 29-28] Unisim Transformation completed in 0 CPU seconds
INFO: [Project 1-479] Netlist was created with Vivado 2023.2
INFO: [Project 1-570] Preparing netlist for logic optimization
Parsing XDC File [c:/Users/86138/Desktop/vivado_file/five_level_200MHz_with_all_branch/digital_twin.gen/sources_1/ip/pll/pll_board.xdc] for cell 'pll_inst/inst'
Finished Parsing XDC File [c:/Users/86138/Desktop/vivado_file/five_level_200MHz_with_all_branch/digital_twin.gen/sources_1/ip/pll/pll_board.xdc] for cell 'pll_inst/inst'
Parsing XDC File [c:/Users/86138/Desktop/vivado_file/five_level_200MHz_with_all_branch/digital_twin.gen/sources_1/ip/pll/pll.xdc] for cell 'pll_inst/inst'
INFO: [Timing 38-35] Done setting XDC timing constraints. [c:/Users/86138/Desktop/vivado_file/five_level_200MHz_with_all_branch/digital_twin.gen/sources_1/ip/pll/pll.xdc:54]
INFO: [Timing 38-2] Deriving generated clocks [c:/Users/86138/Desktop/vivado_file/five_level_200MHz_with_all_branch/digital_twin.gen/sources_1/ip/pll/pll.xdc:54]
get_clocks: Time (s): cpu = 00:00:08 ; elapsed = 00:00:09 . Memory (MB): peak = 1736.188 ; gain = 627.668
Finished Parsing XDC File [c:/Users/86138/Desktop/vivado_file/five_level_200MHz_with_all_branch/digital_twin.gen/sources_1/ip/pll/pll.xdc] for cell 'pll_inst/inst'
Parsing XDC File [C:/Users/86138/Desktop/vivado_file/five_level_200MHz_with_all_branch/digital_twin.srcs/constrs_1/new/digital_twin.xdc]
Finished Parsing XDC File [C:/Users/86138/Desktop/vivado_file/five_level_200MHz_with_all_branch/digital_twin.srcs/constrs_1/new/digital_twin.xdc]
INFO: [Opt 31-138] Pushed 0 inverter(s) to 0 load pin(s).
Netlist sorting complete. Time (s): cpu = 00:00:00 ; elapsed = 00:00:00.003 . Memory (MB): peak = 1736.188 ; gain = 0.000
INFO: [Project 1-111] Unisim Transformation Summary:
  A total of 14 instances were transformed.
  RAM32M => RAM32M (RAMD32(x6), RAMS32(x2)): 10 instances
  RAM32X1D => RAM32X1D (RAMD32(x2)): 4 instances

系统找不到指定的路径。
12 Infos, 0 Warnings, 0 Critical Warnings and 0 Errors encountered.
link_design completed successfully
link_design: Time (s): cpu = 00:00:16 ; elapsed = 00:00:20 . Memory (MB): peak = 1736.188 ; gain = 1243.133
Command: opt_design -directive ExploreSequentialArea
INFO: [Vivado_Tcl 4-136] Directive used for opt_design is: ExploreSequentialArea
Attempting to get a license for feature 'Implementation' and/or device 'xc7k325t'
INFO: [Common 17-349] Got license for feature 'Implementation' and/or device 'xc7k325t'
Running DRC as a precondition to command opt_design

Starting DRC Task
INFO: [DRC 23-27] Running DRC with 2 threads
INFO: [Project 1-461] DRC finished with 0 Errors
INFO: [Project 1-462] Please refer to the DRC report (report_drc) for more information.

Time (s): cpu = 00:00:01 ; elapsed = 00:00:01 . Memory (MB): peak = 1736.188 ; gain = 0.000

Starting Logic Optimization Task

Phase 1 Initialization

Phase 1.1 Core Generation And Design Setup
Phase 1.1 Core Generation And Design Setup | Checksum: 126cb062d

Time (s): cpu = 00:00:00 ; elapsed = 00:00:00.005 . Memory (MB): peak = 2008.262 ; gain = 0.000

Phase 1.2 Setup Constraints And Sort Netlist
Phase 1.2 Setup Constraints And Sort Netlist | Checksum: 126cb062d

Time (s): cpu = 00:00:00 ; elapsed = 00:00:00.013 . Memory (MB): peak = 2008.262 ; gain = 0.000
Phase 1 Initialization | Checksum: 126cb062d

Time (s): cpu = 00:00:00 ; elapsed = 00:00:00.015 . Memory (MB): peak = 2008.262 ; gain = 0.000

Phase 2 Timer Update And Timing Data Collection

Phase 2.1 Timer Update
INFO: [Timing 38-35] Done setting XDC timing constraints.
Phase 2.1 Timer Update | Checksum: 126cb062d

Time (s): cpu = 00:00:01 ; elapsed = 00:00:00.569 . Memory (MB): peak = 2106.207 ; gain = 97.945

Phase 2.2 Timing Data Collection
Phase 2.2 Timing Data Collection | Checksum: 126cb062d

Time (s): cpu = 00:00:01 ; elapsed = 00:00:00.590 . Memory (MB): peak = 2106.207 ; gain = 97.945
Phase 2 Timer Update And Timing Data Collection | Checksum: 126cb062d

Time (s): cpu = 00:00:01 ; elapsed = 00:00:00.591 . Memory (MB): peak = 2106.207 ; gain = 97.945

Phase 3 Retarget
INFO: [Opt 31-138] Pushed 1 inverter(s) to 113 load pin(s).
INFO: [Opt 31-49] Retargeted 0 cell(s).
Phase 3 Retarget | Checksum: 5796548b

Time (s): cpu = 00:00:01 ; elapsed = 00:00:00.793 . Memory (MB): peak = 2106.207 ; gain = 97.945
Retarget | Checksum: 5796548b
INFO: [Opt 31-389] Phase Retarget created 7 cells and removed 8 cells
INFO: [Opt 31-1021] In phase Retarget, 5 netlist objects are constrained preventing optimization. Please run opt_design with -debug_log to get more detail. 

Phase 4 Constant propagation
INFO: [Opt 31-138] Pushed 0 inverter(s) to 0 load pin(s).
Phase 4 Constant propagation | Checksum: b08b6c77

Time (s): cpu = 00:00:01 ; elapsed = 00:00:00.881 . Memory (MB): peak = 2106.207 ; gain = 97.945
Constant propagation | Checksum: b08b6c77
INFO: [Opt 31-389] Phase Constant propagation created 0 cells and removed 0 cells
INFO: [Opt 31-1021] In phase Constant propagation, 4 netlist objects are constrained preventing optimization. Please run opt_design with -debug_log to get more detail. 

Phase 5 Sweep
Phase 5 Sweep | Checksum: fd29c43b

Time (s): cpu = 00:00:01 ; elapsed = 00:00:01 . Memory (MB): peak = 2106.207 ; gain = 97.945
Sweep | Checksum: fd29c43b
INFO: [Opt 31-389] Phase Sweep created 32 cells and removed 21 cells
INFO: [Opt 31-1021] In phase Sweep, 77 netlist objects are constrained preventing optimization. Please run opt_design with -debug_log to get more detail. 

Phase 6 BUFG optimization
Phase 6 BUFG optimization | Checksum: fd29c43b

Time (s): cpu = 00:00:01 ; elapsed = 00:00:01 . Memory (MB): peak = 2106.207 ; gain = 97.945
BUFG optimization | Checksum: fd29c43b
INFO: [Opt 31-662] Phase BUFG optimization created 0 cells of which 0 are BUFGs and removed 0 cells.

Phase 7 Shift Register Optimization
INFO: [Opt 31-1064] SRL Remap converted 0 SRLs to 0 registers and converted 0 registers of register chains to 0 SRLs
Phase 7 Shift Register Optimization | Checksum: fd29c43b

Time (s): cpu = 00:00:01 ; elapsed = 00:00:01 . Memory (MB): peak = 2106.207 ; gain = 97.945
Shift Register Optimization | Checksum: fd29c43b
INFO: [Opt 31-389] Phase Shift Register Optimization created 0 cells and removed 0 cells
INFO: [Opt 31-1555] control_set_opt supports Versal devices only, and device 7k325t is unsupported

Phase 8 Resynthesis
!! WARNING !!
"PYTHONPATH" variable is set greater than default max string limit of "519" characters.
Please ignore this, if you have already made changes to your system registry to accept more than
default limit of 519 characters.
!! WARNING !!
ECHO 处于关闭状态。
ECHO 处于关闭状态。
INFO: [Timing 38-35] Done setting XDC timing constraints.
INFO: [Opt 31-74] Optimized 1 modules.
INFO: [Opt 31-75] Optimized module 'ram'.
INFO: [Opt 31-1566] Pulled 1 inverters resulting in an inversion of 2 pins
INFO: [Opt 31-138] Pushed 0 inverter(s) to 0 load pin(s).
INFO: [Opt 31-138] Pushed 0 inverter(s) to 0 load pin(s).
Phase 8 Resynthesis | Checksum: d2077b8e

Time (s): cpu = 00:00:05 ; elapsed = 00:00:31 . Memory (MB): peak = 2114.133 ; gain = 105.871
Resynthesis | Checksum: d2077b8e
INFO: [Opt 31-389] Phase Resynthesis created 45 cells and removed 49 cells
INFO: [Opt 31-1021] In phase Resynthesis, 77 netlist objects are constrained preventing optimization. Please run opt_design with -debug_log to get more detail. 

Phase 9 Post Processing Netlist
Phase 9 Post Processing Netlist | Checksum: d2077b8e

Time (s): cpu = 00:00:05 ; elapsed = 00:00:31 . Memory (MB): peak = 2114.133 ; gain = 105.871
Post Processing Netlist | Checksum: d2077b8e
INFO: [Opt 31-389] Phase Post Processing Netlist created 0 cells and removed 0 cells
INFO: [Opt 31-1021] In phase Post Processing Netlist, 4 netlist objects are constrained preventing optimization. Please run opt_design with -debug_log to get more detail. 

Phase 10 Finalization

Phase 10.1 Finalizing Design Cores and Updating Shapes
Phase 10.1 Finalizing Design Cores and Updating Shapes | Checksum: 10c3ffeed

Time (s): cpu = 00:00:05 ; elapsed = 00:00:32 . Memory (MB): peak = 2114.133 ; gain = 105.871

Phase 10.2 Verifying Netlist Connectivity

Starting Connectivity Check Task

Time (s): cpu = 00:00:00 ; elapsed = 00:00:00.021 . Memory (MB): peak = 2114.133 ; gain = 0.000
Phase 10.2 Verifying Netlist Connectivity | Checksum: 10c3ffeed

Time (s): cpu = 00:00:05 ; elapsed = 00:00:32 . Memory (MB): peak = 2114.133 ; gain = 105.871
Phase 10 Finalization | Checksum: 10c3ffeed

Time (s): cpu = 00:00:05 ; elapsed = 00:00:32 . Memory (MB): peak = 2114.133 ; gain = 105.871
Opt_design Change Summary
=========================


-------------------------------------------------------------------------------------------------------------------------
|  Phase                        |  #Cells created  |  #Cells Removed  |  #Constrained objects preventing optimizations  |
-------------------------------------------------------------------------------------------------------------------------
|  Retarget                     |               7  |               8  |                                              5  |
|  Constant propagation         |               0  |               0  |                                              4  |
|  Sweep                        |              32  |              21  |                                             77  |
|  BUFG optimization            |               0  |               0  |                                              0  |
|  Shift Register Optimization  |               0  |               0  |                                              0  |
|  Resynthesis                  |              45  |              49  |                                             77  |
|  Post Processing Netlist      |               0  |               0  |                                              4  |
-------------------------------------------------------------------------------------------------------------------------


Ending Logic Optimization Task | Checksum: 10c3ffeed

Time (s): cpu = 00:00:05 ; elapsed = 00:00:32 . Memory (MB): peak = 2114.133 ; gain = 105.871
INFO: [Constraints 18-11670] Building netlist checker database with flags, 0x8
Done building netlist checker database: Time (s): cpu = 00:00:00 ; elapsed = 00:00:00.002 . Memory (MB): peak = 2114.133 ; gain = 0.000

Starting Netlist Obfuscation Task
Netlist sorting complete. Time (s): cpu = 00:00:00 ; elapsed = 00:00:00.003 . Memory (MB): peak = 2114.133 ; gain = 0.000
Ending Netlist Obfuscation Task | Checksum: 10c3ffeed

Time (s): cpu = 00:00:00 ; elapsed = 00:00:00.005 . Memory (MB): peak = 2114.133 ; gain = 0.000
INFO: [Common 17-83] Releasing license: Implementation
43 Infos, 0 Warnings, 0 Critical Warnings and 0 Errors encountered.
opt_design completed successfully
opt_design: Time (s): cpu = 00:00:09 ; elapsed = 00:00:37 . Memory (MB): peak = 2114.133 ; gain = 377.945
INFO: [runtcl-4] Executing : report_drc -file top_drc_opted.rpt -pb top_drc_opted.pb -rpx top_drc_opted.rpx
Command: report_drc -file top_drc_opted.rpt -pb top_drc_opted.pb -rpx top_drc_opted.rpx
INFO: [IP_Flow 19-1839] IP Catalog is up to date.
INFO: [DRC 23-27] Running DRC with 2 threads
INFO: [Vivado_Tcl 2-168] The results of DRC are in file C:/Users/86138/Desktop/vivado_file/five_level_200MHz_with_all_branch/digital_twin.runs/impl_1/top_drc_opted.rpt.
report_drc completed successfully
INFO: [Timing 38-35] Done setting XDC timing constraints.
INFO: [Timing 38-480] Writing timing data to binary archive.
Wrote PlaceDB: Time (s): cpu = 00:00:00 ; elapsed = 00:00:00.006 . Memory (MB): peak = 2142.578 ; gain = 10.309
Wrote PulsedLatchDB: Time (s): cpu = 00:00:00 ; elapsed = 00:00:00 . Memory (MB): peak = 2142.578 ; gain = 0.000
Writing XDEF routing.
Write ShapeDB Complete: Time (s): cpu = 00:00:00 ; elapsed = 00:00:00.021 . Memory (MB): peak = 2142.578 ; gain = 10.309
Writing XDEF routing logical nets.
Writing XDEF routing special nets.
Wrote RouteStorage: Time (s): cpu = 00:00:01 ; elapsed = 00:00:00.032 . Memory (MB): peak = 2142.578 ; gain = 0.000
Wrote Netlist Cache: Time (s): cpu = 00:00:00 ; elapsed = 00:00:00.001 . Memory (MB): peak = 2142.578 ; gain = 0.000
Wrote Device Cache: Time (s): cpu = 00:00:00 ; elapsed = 00:00:00.008 . Memory (MB): peak = 2142.578 ; gain = 0.000
Write Physdb Complete: Time (s): cpu = 00:00:01 ; elapsed = 00:00:00.058 . Memory (MB): peak = 2142.578 ; gain = 10.309
INFO: [Common 17-1381] The checkpoint 'C:/Users/86138/Desktop/vivado_file/five_level_200MHz_with_all_branch/digital_twin.runs/impl_1/top_opt.dcp' has been generated.
Command: place_design -directive EarlyBlockPlacement
Attempting to get a license for feature 'Implementation' and/or device 'xc7k325t'
INFO: [Common 17-349] Got license for feature 'Implementation' and/or device 'xc7k325t'
INFO: [Common 17-83] Releasing license: Implementation
INFO: [DRC 23-27] Running DRC with 2 threads
INFO: [Vivado_Tcl 4-198] DRC finished with 0 Errors
INFO: [Vivado_Tcl 4-199] Please refer to the DRC report (report_drc) for more information.
Running DRC as a precondition to command place_design
INFO: [DRC 23-27] Running DRC with 2 threads
INFO: [Vivado_Tcl 4-198] DRC finished with 0 Errors, 21 Warnings
INFO: [Vivado_Tcl 4-199] Please refer to the DRC report (report_drc) for more information.
INFO: [Place 46-5] The placer was invoked with the 'EarlyBlockPlacement' directive.
INFO: [Place 30-611] Multithreading enabled for place_design using a maximum of 2 CPUs

Starting Placer Task

Phase 1 Placer Initialization

Phase 1.1 Placer Initialization Netlist Sorting
Netlist sorting complete. Time (s): cpu = 00:00:00 ; elapsed = 00:00:00.003 . Memory (MB): peak = 2142.578 ; gain = 0.000
Phase 1.1 Placer Initialization Netlist Sorting | Checksum: bf4b6c85

Time (s): cpu = 00:00:00 ; elapsed = 00:00:00.013 . Memory (MB): peak = 2142.578 ; gain = 0.000
Netlist sorting complete. Time (s): cpu = 00:00:00 ; elapsed = 00:00:00.003 . Memory (MB): peak = 2142.578 ; gain = 0.000

Phase 1.2 IO Placement/ Clock Placement/ Build Placer Device
Phase 1.2 IO Placement/ Clock Placement/ Build Placer Device | Checksum: 1c4ce8d7

Time (s): cpu = 00:00:00 ; elapsed = 00:00:00.717 . Memory (MB): peak = 2142.578 ; gain = 0.000

Phase 1.3 Build Placer Netlist Model
Phase 1.3 Build Placer Netlist Model | Checksum: e453482b

Time (s): cpu = 00:00:01 ; elapsed = 00:00:03 . Memory (MB): peak = 2142.578 ; gain = 0.000

Phase 1.4 Constrain Clocks/Macros
Phase 1.4 Constrain Clocks/Macros | Checksum: e453482b

Time (s): cpu = 00:00:01 ; elapsed = 00:00:03 . Memory (MB): peak = 2142.578 ; gain = 0.000
Phase 1 Placer Initialization | Checksum: e453482b

Time (s): cpu = 00:00:01 ; elapsed = 00:00:03 . Memory (MB): peak = 2142.578 ; gain = 0.000

Phase 2 Global Placement

Phase 2.1 Floorplanning
Phase 2.1 Floorplanning | Checksum: ec10744f

Time (s): cpu = 00:00:02 ; elapsed = 00:00:03 . Memory (MB): peak = 2142.578 ; gain = 0.000

Phase 2.2 Update Timing before SLR Path Opt
Phase 2.2 Update Timing before SLR Path Opt | Checksum: 7aba56da

Time (s): cpu = 00:00:02 ; elapsed = 00:00:04 . Memory (MB): peak = 2142.578 ; gain = 0.000

Phase 2.3 Post-Processing in Floorplanning
Phase 2.3 Post-Processing in Floorplanning | Checksum: 7aba56da

Time (s): cpu = 00:00:02 ; elapsed = 00:00:04 . Memory (MB): peak = 2142.578 ; gain = 0.000

Phase 2.4 Global Placement Core

Phase 2.4.1 UpdateTiming Before Physical Synthesis
Phase 2.4.1 UpdateTiming Before Physical Synthesis | Checksum: 402162f7

Time (s): cpu = 00:00:10 ; elapsed = 00:00:15 . Memory (MB): peak = 2142.578 ; gain = 0.000

Phase 2.4.2 Physical Synthesis In Placer
INFO: [Physopt 32-1035] Found 0 LUTNM shape to break, 165 LUT instances to create LUTNM shape
INFO: [Physopt 32-1044] Break lutnm for timing: one critical 0, two critical 0, total 0, new lutff created 0
INFO: [Physopt 32-1138] End 1 Pass. Optimized 49 nets or LUTs. Breaked 0 LUT, combined 49 existing LUTs and moved 0 existing LUT
Netlist sorting complete. Time (s): cpu = 00:00:00 ; elapsed = 00:00:00.003 . Memory (MB): peak = 2142.578 ; gain = 0.000
INFO: [Physopt 32-76] Pass 1. Identified 4 candidate nets for fanout optimization.
INFO: [Physopt 32-782] Net student_top_inst/u_RISCV_CORE/INST_IF_UNIT/u_pc/Q[2] was not replicated
INFO: [Physopt 32-780] Instance student_top_inst/u_RISCV_CORE has DONT_TOUCH and is preventing optimization
Resolution: Removing DONT_TOUCH attributes may enable additional optimization
INFO: [Physopt 32-782] Net student_top_inst/u_RISCV_CORE/INST_IF_UNIT/u_pc/Q[3] was not replicated
INFO: [Physopt 32-780] Instance student_top_inst/u_RISCV_CORE has DONT_TOUCH and is preventing optimization
Resolution: Removing DONT_TOUCH attributes may enable additional optimization
INFO: [Physopt 32-782] Net student_top_inst/u_RISCV_CORE/INST_IF_UNIT/u_pc/Q[7] was not replicated
INFO: [Physopt 32-780] Instance student_top_inst/u_RISCV_CORE has DONT_TOUCH and is preventing optimization
Resolution: Removing DONT_TOUCH attributes may enable additional optimization
INFO: [Physopt 32-782] Net student_top_inst/u_RISCV_CORE/INST_IF_UNIT/u_pc/Q[4] was not replicated
INFO: [Physopt 32-780] Instance student_top_inst/u_RISCV_CORE has DONT_TOUCH and is preventing optimization
Resolution: Removing DONT_TOUCH attributes may enable additional optimization
INFO: [Physopt 32-232] Optimized 0 net. Created 0 new instance.
INFO: [Physopt 32-775] End 1 Pass. Optimized 0 net or cell. Created 0 new cell, deleted 0 existing cell and moved 0 existing cell
INFO: [Physopt 32-670] No setup violation found.  DSP Register Optimization was not performed.
INFO: [Physopt 32-670] No setup violation found.  Shift Register to Pipeline Optimization was not performed.
INFO: [Physopt 32-670] No setup violation found.  Shift Register Optimization was not performed.
INFO: [Physopt 32-670] No setup violation found.  BRAM Register Optimization was not performed.
INFO: [Physopt 32-670] No setup violation found.  URAM Register Optimization was not performed.
INFO: [Physopt 32-949] No candidate nets found for dynamic/static region interface net replication
INFO: [Physopt 32-775] End 1 Pass. Optimized 0 net or cell. Created 0 new cell, deleted 0 existing cell and moved 0 existing cell
Netlist sorting complete. Time (s): cpu = 00:00:00 ; elapsed = 00:00:00.019 . Memory (MB): peak = 2142.578 ; gain = 0.000

Summary of Physical Synthesis Optimizations
============================================


-----------------------------------------------------------------------------------------------------------------------------------------------------------
|  Optimization                                     |  Added Cells  |  Removed Cells  |  Optimized Cells/Nets  |  Dont Touch  |  Iterations  |  Elapsed   |
-----------------------------------------------------------------------------------------------------------------------------------------------------------
|  LUT Combining                                    |            0  |             49  |                    49  |           0  |           1  |  00:00:00  |
|  Retime                                           |            0  |              0  |                     0  |           0  |           1  |  00:00:00  |
|  Very High Fanout                                 |            0  |              0  |                     0  |           4  |           1  |  00:00:02  |
|  DSP Register                                     |            0  |              0  |                     0  |           0  |           0  |  00:00:00  |
|  Shift Register to Pipeline                       |            0  |              0  |                     0  |           0  |           0  |  00:00:00  |
|  Shift Register                                   |            0  |              0  |                     0  |           0  |           0  |  00:00:00  |
|  BRAM Register                                    |            0  |              0  |                     0  |           0  |           0  |  00:00:00  |
|  URAM Register                                    |            0  |              0  |                     0  |           0  |           0  |  00:00:00  |
|  Dynamic/Static Region Interface Net Replication  |            0  |              0  |                     0  |           0  |           1  |  00:00:00  |
|  Total                                            |            0  |             49  |                    49  |           4  |           4  |  00:00:02  |
-----------------------------------------------------------------------------------------------------------------------------------------------------------


Phase 2.4.2 Physical Synthesis In Placer | Checksum: 10abe4601

Time (s): cpu = 00:00:12 ; elapsed = 00:00:18 . Memory (MB): peak = 2142.578 ; gain = 0.000
Phase 2.4 Global Placement Core | Checksum: 80d6059b

Time (s): cpu = 00:00:13 ; elapsed = 00:00:19 . Memory (MB): peak = 2142.578 ; gain = 0.000
Phase 2 Global Placement | Checksum: 80d6059b

Time (s): cpu = 00:00:13 ; elapsed = 00:00:19 . Memory (MB): peak = 2142.578 ; gain = 0.000

Phase 3 Detail Placement

Phase 3.1 Commit Multi Column Macros
Phase 3.1 Commit Multi Column Macros | Checksum: dfe3423b

Time (s): cpu = 00:00:13 ; elapsed = 00:00:20 . Memory (MB): peak = 2142.578 ; gain = 0.000

Phase 3.2 Commit Most Macros & LUTRAMs
Phase 3.2 Commit Most Macros & LUTRAMs | Checksum: 1f6506d8d

Time (s): cpu = 00:00:14 ; elapsed = 00:00:21 . Memory (MB): peak = 2142.578 ; gain = 0.000

Phase 3.3 Area Swap Optimization
Phase 3.3 Area Swap Optimization | Checksum: 1c07e3c3c

Time (s): cpu = 00:00:14 ; elapsed = 00:00:21 . Memory (MB): peak = 2142.578 ; gain = 0.000

Phase 3.4 Pipeline Register Optimization
Phase 3.4 Pipeline Register Optimization | Checksum: 1a169f82b

Time (s): cpu = 00:00:14 ; elapsed = 00:00:21 . Memory (MB): peak = 2142.578 ; gain = 0.000

Phase 3.5 Fast Optimization
Phase 3.5 Fast Optimization | Checksum: 1d4f7d687

Time (s): cpu = 00:00:14 ; elapsed = 00:00:22 . Memory (MB): peak = 2142.578 ; gain = 0.000

Phase 3.6 Small Shape Detail Placement
Phase 3.6 Small Shape Detail Placement | Checksum: 115bb3d8e

Time (s): cpu = 00:00:17 ; elapsed = 00:00:27 . Memory (MB): peak = 2142.578 ; gain = 0.000

Phase 3.7 Re-assign LUT pins
Phase 3.7 Re-assign LUT pins | Checksum: 10fe8a38f

Time (s): cpu = 00:00:17 ; elapsed = 00:00:27 . Memory (MB): peak = 2142.578 ; gain = 0.000

Phase 3.8 Pipeline Register Optimization
Phase 3.8 Pipeline Register Optimization | Checksum: e5f3ad79

Time (s): cpu = 00:00:17 ; elapsed = 00:00:27 . Memory (MB): peak = 2142.578 ; gain = 0.000
Phase 3 Detail Placement | Checksum: e5f3ad79

Time (s): cpu = 00:00:17 ; elapsed = 00:00:27 . Memory (MB): peak = 2142.578 ; gain = 0.000

Phase 4 Post Placement Optimization and Clean-Up

Phase 4.1 Post Commit Optimization
INFO: [Timing 38-35] Done setting XDC timing constraints.

Phase 4.1.1 Post Placement Optimization
Post Placement Optimization Initialization | Checksum: 18b39f941

Phase 4.1.1.1 BUFG Insertion

Starting Physical Synthesis Task

Phase 1 Physical Synthesis Initialization
INFO: [Physopt 32-721] Multithreading enabled for phys_opt_design using a maximum of 2 CPUs
INFO: [Physopt 32-619] Estimated Timing Summary | WNS=0.228 | TNS=0.000 |
Phase 1 Physical Synthesis Initialization | Checksum: 16ff81636

Time (s): cpu = 00:00:00 ; elapsed = 00:00:00.468 . Memory (MB): peak = 2171.766 ; gain = 0.000
INFO: [Place 46-33] Processed net student_top_inst/u_RISCV_CORE/u_bpu/bbstub_locked, BUFG insertion was skipped due to placement/routing conflicts.
INFO: [Place 46-56] BUFG insertion identified 1 candidate nets. Inserted BUFG: 0, Replicated BUFG Driver: 0, Skipped due to Placement/Routing Conflicts: 1, Skipped due to Timing Degradation: 0, Skipped due to netlist editing failed: 0.
Ending Physical Synthesis Task | Checksum: 16ff81636

Time (s): cpu = 00:00:00 ; elapsed = 00:00:00.891 . Memory (MB): peak = 2171.766 ; gain = 0.000
Phase 4.1.1.1 BUFG Insertion | Checksum: 18b39f941

Time (s): cpu = 00:00:20 ; elapsed = 00:00:30 . Memory (MB): peak = 2171.766 ; gain = 29.188

Phase 4.1.1.2 Post Placement Timing Optimization
INFO: [Place 30-746] Post Placement Timing Summary WNS=0.659. For the most accurate timing information please run report_timing.
Phase 4.1.1.2 Post Placement Timing Optimization | Checksum: 1a474640a

Time (s): cpu = 00:00:20 ; elapsed = 00:00:31 . Memory (MB): peak = 2171.766 ; gain = 29.188

Time (s): cpu = 00:00:20 ; elapsed = 00:00:31 . Memory (MB): peak = 2171.766 ; gain = 29.188
Phase 4.1 Post Commit Optimization | Checksum: 1a474640a

Time (s): cpu = 00:00:20 ; elapsed = 00:00:32 . Memory (MB): peak = 2171.766 ; gain = 29.188

Phase 4.2 Post Placement Cleanup
Phase 4.2 Post Placement Cleanup | Checksum: 1a474640a

Time (s): cpu = 00:00:20 ; elapsed = 00:00:32 . Memory (MB): peak = 2171.766 ; gain = 29.188

Phase 4.3 Placer Reporting

Phase 4.3.1 Print Estimated Congestion
INFO: [Place 30-612] Post-Placement Estimated Congestion 
 ____________________________________________________
|           | Global Congestion | Short Congestion  |
| Direction | Region Size       | Region Size       |
|___________|___________________|___________________|
|      North|                1x1|                1x1|
|___________|___________________|___________________|
|      South|                1x1|                1x1|
|___________|___________________|___________________|
|       East|                1x1|                1x1|
|___________|___________________|___________________|
|       West|                1x1|                1x1|
|___________|___________________|___________________|

Phase 4.3.1 Print Estimated Congestion | Checksum: 1a474640a

Time (s): cpu = 00:00:20 ; elapsed = 00:00:32 . Memory (MB): peak = 2171.766 ; gain = 29.188
Phase 4.3 Placer Reporting | Checksum: 1a474640a

Time (s): cpu = 00:00:20 ; elapsed = 00:00:32 . Memory (MB): peak = 2171.766 ; gain = 29.188

Phase 4.4 Final Placement Cleanup
Netlist sorting complete. Time (s): cpu = 00:00:00 ; elapsed = 00:00:00.004 . Memory (MB): peak = 2171.766 ; gain = 0.000

Time (s): cpu = 00:00:20 ; elapsed = 00:00:32 . Memory (MB): peak = 2171.766 ; gain = 29.188
Phase 4 Post Placement Optimization and Clean-Up | Checksum: 173b7d92f

Time (s): cpu = 00:00:20 ; elapsed = 00:00:32 . Memory (MB): peak = 2171.766 ; gain = 29.188
Ending Placer Task | Checksum: 13385021d

Time (s): cpu = 00:00:21 ; elapsed = 00:00:32 . Memory (MB): peak = 2171.766 ; gain = 29.188
88 Infos, 0 Warnings, 0 Critical Warnings and 0 Errors encountered.
place_design completed successfully
place_design: Time (s): cpu = 00:00:23 ; elapsed = 00:00:33 . Memory (MB): peak = 2171.766 ; gain = 29.188
INFO: [runtcl-4] Executing : report_io -file top_io_placed.rpt
report_io: Time (s): cpu = 00:00:00 ; elapsed = 00:00:00.166 . Memory (MB): peak = 2171.766 ; gain = 0.000
INFO: [runtcl-4] Executing : report_utilization -file top_utilization_placed.rpt -pb top_utilization_placed.pb
INFO: [runtcl-4] Executing : report_control_sets -verbose -file top_control_sets_placed.rpt
report_control_sets: Time (s): cpu = 00:00:00 ; elapsed = 00:00:00.039 . Memory (MB): peak = 2171.766 ; gain = 0.000
INFO: [Timing 38-480] Writing timing data to binary archive.
Write ShapeDB Complete: Time (s): cpu = 00:00:00 ; elapsed = 00:00:00.021 . Memory (MB): peak = 2171.766 ; gain = 0.000
Wrote PlaceDB: Time (s): cpu = 00:00:01 ; elapsed = 00:00:00.861 . Memory (MB): peak = 2171.766 ; gain = 0.000
Wrote PulsedLatchDB: Time (s): cpu = 00:00:00 ; elapsed = 00:00:00 . Memory (MB): peak = 2171.766 ; gain = 0.000
Writing XDEF routing.
Writing XDEF routing logical nets.
Writing XDEF routing special nets.
Wrote RouteStorage: Time (s): cpu = 00:00:00 ; elapsed = 00:00:00.027 . Memory (MB): peak = 2171.766 ; gain = 0.000
Wrote Netlist Cache: Time (s): cpu = 00:00:00 ; elapsed = 00:00:00.022 . Memory (MB): peak = 2171.766 ; gain = 0.000
Wrote Device Cache: Time (s): cpu = 00:00:00 ; elapsed = 00:00:00.008 . Memory (MB): peak = 2171.766 ; gain = 0.000
Write Physdb Complete: Time (s): cpu = 00:00:01 ; elapsed = 00:00:00.934 . Memory (MB): peak = 2171.766 ; gain = 0.000
INFO: [Common 17-1381] The checkpoint 'C:/Users/86138/Desktop/vivado_file/five_level_200MHz_with_all_branch/digital_twin.runs/impl_1/top_placed.dcp' has been generated.
Command: phys_opt_design -directive ExploreWithAggressiveHoldFix
Attempting to get a license for feature 'Implementation' and/or device 'xc7k325t'
INFO: [Common 17-349] Got license for feature 'Implementation' and/or device 'xc7k325t'
INFO: [Vivado_Tcl 4-137] Directive used for phys_opt_design is: ExploreWithAggressiveHoldFix

Starting Initial Update Timing Task

Time (s): cpu = 00:00:00 ; elapsed = 00:00:02 . Memory (MB): peak = 2175.043 ; gain = 3.277
INFO: [Vivado_Tcl 4-383] Design worst setup slack (WNS) is greater than or equal to 0.000 ns. Skipping all physical synthesis optimizations.
INFO: [Vivado_Tcl 4-1435] PhysOpt_Tcl_Interface Runtime Before Starting Physical Synthesis Task | CPU: 1.00s |  WALL: 1.71s
Netlist sorting complete. Time (s): cpu = 00:00:00 ; elapsed = 00:00:00.003 . Memory (MB): peak = 2175.043 ; gain = 0.000

Starting Physical Synthesis Task

Phase 1 Physical Synthesis Initialization
INFO: [Physopt 32-721] Multithreading enabled for phys_opt_design using a maximum of 2 CPUs
INFO: [Physopt 32-619] Estimated Timing Summary | WNS=0.659 | TNS=0.000 |
Phase 1 Physical Synthesis Initialization | Checksum: 164265bcc

Time (s): cpu = 00:00:00 ; elapsed = 00:00:00.661 . Memory (MB): peak = 2177.668 ; gain = 2.625

Phase 2 Hold Fix Optimization
INFO: [Physopt 32-668] Estimated Timing Summary | WNS=0.659 | TNS=0.000 | WHS=-0.349 | THS=-10.334 |
INFO: [Physopt 32-45] Identified 49 candidate nets for hold slack optimization.
INFO: [Physopt 32-234] Optimized 43 nets. Inserted 0 new ZHOLD_DELAYs. Calibrated 0 existing ZHOLD_DELAYs. Inserted 43 buffers.

INFO: [Physopt 32-668] Estimated Timing Summary | WNS=0.659 | TNS=0.000 | WHS=-0.050 | THS=-0.351 |
Phase 2 Hold Fix Optimization | Checksum: 164265bcc

Time (s): cpu = 00:00:01 ; elapsed = 00:00:01 . Memory (MB): peak = 2177.668 ; gain = 2.625
Netlist sorting complete. Time (s): cpu = 00:00:00 ; elapsed = 00:00:00.015 . Memory (MB): peak = 2177.668 ; gain = 0.000
INFO: [Physopt 32-669] Post Physical Optimization Timing Summary | WNS=0.659 | TNS=0.000 | WHS=-0.050 | THS=-0.351 |

Summary of Physical Synthesis Optimizations
============================================


----------------------------------------------------------------------------------------------------------------------------------------------------------------------
|  Optimization            |  WNS Gain (ns)  |  TNS Gain (ns)  |  Added Cells  |  Removed Cells  |  Optimized Cells/Nets  |  Dont Touch  |  Iterations  |  Elapsed   |
----------------------------------------------------------------------------------------------------------------------------------------------------------------------
|  Fanout                  |          0.000  |          0.000  |            0  |              0  |                     0  |           0  |           0  |  00:00:00  |
|  Single Cell Placement   |          0.000  |          0.000  |            0  |              0  |                     0  |           0  |           0  |  00:00:00  |
|  Multi Cell Placement    |          0.000  |          0.000  |            0  |              0  |                     0  |           0  |           0  |  00:00:00  |
|  Rewire                  |          0.000  |          0.000  |            0  |              0  |                     0  |           0  |           0  |  00:00:00  |
|  Critical Cell           |          0.000  |          0.000  |            0  |              0  |                     0  |           0  |           0  |  00:00:00  |
|  SLR Crossing            |          0.000  |          0.000  |            0  |              0  |                     0  |           0  |           0  |  00:00:00  |
|  DSP Register            |          0.000  |          0.000  |            0  |              0  |                     0  |           0  |           0  |  00:00:00  |
|  BRAM Register           |          0.000  |          0.000  |            0  |              0  |                     0  |           0  |           0  |  00:00:00  |
|  URAM Register           |          0.000  |          0.000  |            0  |              0  |                     0  |           0  |           0  |  00:00:00  |
|  Shift Register          |          0.000  |          0.000  |            0  |              0  |                     0  |           0  |           0  |  00:00:00  |
|  Critical Pin            |          0.000  |          0.000  |            0  |              0  |                     0  |           0  |           0  |  00:00:00  |
|  Very High Fanout        |          0.000  |          0.000  |            0  |              0  |                     0  |           0  |           0  |  00:00:00  |
|  Total                   |          0.000  |          0.000  |            0  |              0  |                     0  |           0  |           0  |  00:00:00  |
----------------------------------------------------------------------------------------------------------------------------------------------------------------------


Summary of Hold Fix Optimizations
=================================


--------------------------------------------------------------------------------------------------------------------------------------------------------------
|  Optimization               |  WHS Gain (ns)  |  THS Gain (ns)  |  Added LUTs  |  Added FFs  |  Optimized Nets  |  Dont Touch  |  Iterations  |  Elapsed   |
--------------------------------------------------------------------------------------------------------------------------------------------------------------
|  LUT1 and ZHOLD Insertion   |          0.299  |          9.983  |          43  |          0  |              43  |           0  |           1  |  00:00:00  |
|  Total                      |          0.299  |          9.983  |          43  |          0  |              43  |           0  |           1  |  00:00:00  |
--------------------------------------------------------------------------------------------------------------------------------------------------------------


Netlist sorting complete. Time (s): cpu = 00:00:00 ; elapsed = 00:00:00.003 . Memory (MB): peak = 2177.668 ; gain = 0.000
Ending Physical Synthesis Task | Checksum: 1a36b8007

Time (s): cpu = 00:00:01 ; elapsed = 00:00:01 . Memory (MB): peak = 2177.668 ; gain = 2.625
INFO: [Common 17-83] Releasing license: Implementation
105 Infos, 0 Warnings, 0 Critical Warnings and 0 Errors encountered.
phys_opt_design completed successfully
INFO: [Timing 38-480] Writing timing data to binary archive.
Write ShapeDB Complete: Time (s): cpu = 00:00:00 ; elapsed = 00:00:00.019 . Memory (MB): peak = 2206.785 ; gain = 13.887
Wrote PlaceDB: Time (s): cpu = 00:00:01 ; elapsed = 00:00:00.867 . Memory (MB): peak = 2206.785 ; gain = 8.941
Wrote PulsedLatchDB: Time (s): cpu = 00:00:00 ; elapsed = 00:00:00 . Memory (MB): peak = 2206.785 ; gain = 0.000
Writing XDEF routing.
Writing XDEF routing logical nets.
Writing XDEF routing special nets.
Wrote RouteStorage: Time (s): cpu = 00:00:00 ; elapsed = 00:00:00.025 . Memory (MB): peak = 2206.785 ; gain = 0.000
Wrote Netlist Cache: Time (s): cpu = 00:00:00 ; elapsed = 00:00:00.019 . Memory (MB): peak = 2206.785 ; gain = 0.000
Wrote Device Cache: Time (s): cpu = 00:00:00 ; elapsed = 00:00:00.008 . Memory (MB): peak = 2206.785 ; gain = 0.000
Write Physdb Complete: Time (s): cpu = 00:00:01 ; elapsed = 00:00:00.933 . Memory (MB): peak = 2206.785 ; gain = 13.887
INFO: [Common 17-1381] The checkpoint 'C:/Users/86138/Desktop/vivado_file/five_level_200MHz_with_all_branch/digital_twin.runs/impl_1/top_physopt.dcp' has been generated.
Command: route_design -directive AlternateCLBRouting
Attempting to get a license for feature 'Implementation' and/or device 'xc7k325t'
INFO: [Common 17-349] Got license for feature 'Implementation' and/or device 'xc7k325t'
INFO: [DRC 23-27] Running DRC with 2 threads
INFO: [Vivado_Tcl 4-198] DRC finished with 0 Errors
INFO: [Vivado_Tcl 4-199] Please refer to the DRC report (report_drc) for more information.
Running DRC as a precondition to command route_design
INFO: [DRC 23-27] Running DRC with 2 threads
INFO: [Vivado_Tcl 4-198] DRC finished with 0 Errors
INFO: [Vivado_Tcl 4-199] Please refer to the DRC report (report_drc) for more information.


Starting Routing Task
INFO: [Route 35-270] Using Router directive 'AlternateCLBRouting'.
INFO: [Route 35-254] Multithreading enabled for route_design using a maximum of 8 CPUs

Phase 1 Build RT Design
Checksum: PlaceDB: e50751bf ConstDB: 0 ShapeSum: 8b7b242b RouteDB: 0
Post Restoration Checksum: NetGraph: 9ceb93f1 | NumContArr: 362b6a3c | Constraints: c2a8fa9d | Timing: c2a8fa9d
Phase 1 Build RT Design | Checksum: 25868f367

Time (s): cpu = 00:00:37 ; elapsed = 00:00:28 . Memory (MB): peak = 2502.449 ; gain = 290.484

Phase 2 Router Initialization

Phase 2.1 Fix Topology Constraints
Phase 2.1 Fix Topology Constraints | Checksum: 25868f367

Time (s): cpu = 00:00:37 ; elapsed = 00:00:28 . Memory (MB): peak = 2502.461 ; gain = 290.496

Phase 2.2 Pre Route Cleanup
Phase 2.2 Pre Route Cleanup | Checksum: 25868f367

Time (s): cpu = 00:00:37 ; elapsed = 00:00:28 . Memory (MB): peak = 2502.461 ; gain = 290.496
 Number of Nodes with overlaps = 0

Phase 2.3 Update Timing
Phase 2.3 Update Timing | Checksum: 2e558f2cd

Time (s): cpu = 00:00:41 ; elapsed = 00:00:33 . Memory (MB): peak = 2690.863 ; gain = 478.898
INFO: [Route 35-416] Intermediate Timing Summary | WNS=0.728  | TNS=0.000  | WHS=-0.304 | THS=-133.412|


Router Utilization Summary
  Global Vertical Routing Utilization    = 0.000241186 %
  Global Horizontal Routing Utilization  = 0.000301065 %
  Routable Net Status*
  *Does not include unroutable nets such as driverless and loadless.
  Run report_route_status for detailed report.
  Number of Failed Nets               = 8952
    (Failed Nets is the sum of unrouted and partially routed nets)
  Number of Unrouted Nets             = 8948
  Number of Partially Routed Nets     = 4
  Number of Node Overlaps             = 10

Phase 2 Router Initialization | Checksum: 2acaeba2f

Time (s): cpu = 00:00:42 ; elapsed = 00:00:35 . Memory (MB): peak = 2723.828 ; gain = 511.863

Phase 3 Initial Routing

Phase 3.1 Global Routing
Phase 3.1 Global Routing | Checksum: 2acaeba2f

Time (s): cpu = 00:00:42 ; elapsed = 00:00:35 . Memory (MB): peak = 2723.828 ; gain = 511.863

Phase 3.2 Initial Net Routing
Phase 3.2 Initial Net Routing | Checksum: 2885638f3

Time (s): cpu = 00:00:44 ; elapsed = 00:00:36 . Memory (MB): peak = 2723.828 ; gain = 511.863
Phase 3 Initial Routing | Checksum: 2885638f3

Time (s): cpu = 00:00:44 ; elapsed = 00:00:36 . Memory (MB): peak = 2723.828 ; gain = 511.863

Phase 4 Rip-up And Reroute

Phase 4.1 Global Iteration 0
 Number of Nodes with overlaps = 2688
 Number of Nodes with overlaps = 348
 Number of Nodes with overlaps = 81
 Number of Nodes with overlaps = 21
 Number of Nodes with overlaps = 5
 Number of Nodes with overlaps = 2
 Number of Nodes with overlaps = 2
 Number of Nodes with overlaps = 0
INFO: [Route 35-416] Intermediate Timing Summary | WNS=0.726  | TNS=0.000  | WHS=N/A    | THS=N/A    |

Phase 4.1 Global Iteration 0 | Checksum: 2aae80182

Time (s): cpu = 00:00:52 ; elapsed = 00:00:49 . Memory (MB): peak = 2723.828 ; gain = 511.863
Phase 4 Rip-up And Reroute | Checksum: 2aae80182

Time (s): cpu = 00:00:52 ; elapsed = 00:00:49 . Memory (MB): peak = 2723.828 ; gain = 511.863

Phase 5 Delay and Skew Optimization

Phase 5.1 Delay CleanUp
Phase 5.1 Delay CleanUp | Checksum: 2aae80182

Time (s): cpu = 00:00:52 ; elapsed = 00:00:49 . Memory (MB): peak = 2723.828 ; gain = 511.863

Phase 5.2 Clock Skew Optimization
Phase 5.2 Clock Skew Optimization | Checksum: 2aae80182

Time (s): cpu = 00:00:52 ; elapsed = 00:00:49 . Memory (MB): peak = 2723.828 ; gain = 511.863
Phase 5 Delay and Skew Optimization | Checksum: 2aae80182

Time (s): cpu = 00:00:52 ; elapsed = 00:00:49 . Memory (MB): peak = 2723.828 ; gain = 511.863

Phase 6 Post Hold Fix

Phase 6.1 Hold Fix Iter

Phase 6.1.1 Update Timing
Phase 6.1.1 Update Timing | Checksum: 2c8ee4f9c

Time (s): cpu = 00:00:52 ; elapsed = 00:00:50 . Memory (MB): peak = 2723.828 ; gain = 511.863
INFO: [Route 35-416] Intermediate Timing Summary | WNS=0.837  | TNS=0.000  | WHS=0.063  | THS=0.000  |

Phase 6.1 Hold Fix Iter | Checksum: 2c8ee4f9c

Time (s): cpu = 00:00:52 ; elapsed = 00:00:50 . Memory (MB): peak = 2723.828 ; gain = 511.863
Phase 6 Post Hold Fix | Checksum: 2c8ee4f9c

Time (s): cpu = 00:00:52 ; elapsed = 00:00:50 . Memory (MB): peak = 2723.828 ; gain = 511.863

Phase 7 Route finalize

Router Utilization Summary
  Global Vertical Routing Utilization    = 0.790679 %
  Global Horizontal Routing Utilization  = 0.789393 %
  Routable Net Status*
  *Does not include unroutable nets such as driverless and loadless.
  Run report_route_status for detailed report.
  Number of Failed Nets               = 0
    (Failed Nets is the sum of unrouted and partially routed nets)
  Number of Unrouted Nets             = 0
  Number of Partially Routed Nets     = 0
  Number of Node Overlaps             = 0

Phase 7 Route finalize | Checksum: 2c8ee4f9c

Time (s): cpu = 00:00:52 ; elapsed = 00:00:50 . Memory (MB): peak = 2723.828 ; gain = 511.863

Phase 8 Verifying routed nets

 Verification completed successfully
Phase 8 Verifying routed nets | Checksum: 2c8ee4f9c

Time (s): cpu = 00:00:52 ; elapsed = 00:00:50 . Memory (MB): peak = 2723.828 ; gain = 511.863

Phase 9 Depositing Routes
Phase 9 Depositing Routes | Checksum: 2254d3b56

Time (s): cpu = 00:00:52 ; elapsed = 00:00:50 . Memory (MB): peak = 2723.828 ; gain = 511.863

Phase 10 Post Router Timing
INFO: [Route 35-20] Post Routing Timing Summary | WNS=0.865  | TNS=0.000  | WHS=0.062  | THS=0.000  |

Phase 10 Post Router Timing | Checksum: 2870eee57

Time (s): cpu = 00:00:54 ; elapsed = 00:00:53 . Memory (MB): peak = 2723.828 ; gain = 511.863
INFO: [Route 35-61] The design met the timing requirement.
INFO: [Route 35-16] Router Completed Successfully

Phase 11 Post-Route Event Processing
Phase 11 Post-Route Event Processing | Checksum: 213a1cfca

Time (s): cpu = 00:00:55 ; elapsed = 00:00:53 . Memory (MB): peak = 2723.828 ; gain = 511.863
Ending Routing Task | Checksum: 213a1cfca

Time (s): cpu = 00:00:55 ; elapsed = 00:00:53 . Memory (MB): peak = 2723.828 ; gain = 511.863

Routing Is Done.
INFO: [Common 17-83] Releasing license: Implementation
123 Infos, 0 Warnings, 0 Critical Warnings and 0 Errors encountered.
route_design completed successfully
route_design: Time (s): cpu = 00:00:57 ; elapsed = 00:00:55 . Memory (MB): peak = 2723.828 ; gain = 517.043
INFO: [runtcl-4] Executing : report_drc -file top_drc_routed.rpt -pb top_drc_routed.pb -rpx top_drc_routed.rpx
Command: report_drc -file top_drc_routed.rpt -pb top_drc_routed.pb -rpx top_drc_routed.rpx
INFO: [IP_Flow 19-1839] IP Catalog is up to date.
INFO: [DRC 23-27] Running DRC with 2 threads
INFO: [Vivado_Tcl 2-168] The results of DRC are in file C:/Users/86138/Desktop/vivado_file/five_level_200MHz_with_all_branch/digital_twin.runs/impl_1/top_drc_routed.rpt.
report_drc completed successfully
INFO: [runtcl-4] Executing : report_methodology -file top_methodology_drc_routed.rpt -pb top_methodology_drc_routed.pb -rpx top_methodology_drc_routed.rpx
Command: report_methodology -file top_methodology_drc_routed.rpt -pb top_methodology_drc_routed.pb -rpx top_methodology_drc_routed.rpx
INFO: [Timing 38-35] Done setting XDC timing constraints.
INFO: [DRC 23-133] Running Methodology with 2 threads
INFO: [Vivado_Tcl 2-1520] The results of Report Methodology are in file C:/Users/86138/Desktop/vivado_file/five_level_200MHz_with_all_branch/digital_twin.runs/impl_1/top_methodology_drc_routed.rpt.
report_methodology completed successfully
INFO: [runtcl-4] Executing : report_power -file top_power_routed.rpt -pb top_power_summary_routed.pb -rpx top_power_routed.rpx
Command: report_power -file top_power_routed.rpt -pb top_power_summary_routed.pb -rpx top_power_routed.rpx
INFO: [Timing 38-35] Done setting XDC timing constraints.
Running Vector-less Activity Propagation...

Finished Running Vector-less Activity Propagation
133 Infos, 0 Warnings, 0 Critical Warnings and 0 Errors encountered.
report_power completed successfully
INFO: [runtcl-4] Executing : report_route_status -file top_route_status.rpt -pb top_route_status.pb
INFO: [runtcl-4] Executing : report_timing_summary -max_paths 10 -report_unconstrained -file top_timing_summary_routed.rpt -pb top_timing_summary_routed.pb -rpx top_timing_summary_routed.rpx -warn_on_violation 
INFO: [Timing 38-91] UpdateTimingParams: Speed grade: -2, Delay Type: min_max.
INFO: [Timing 38-191] Multithreading enabled for timing update using a maximum of 2 CPUs
INFO: [runtcl-4] Executing : report_incremental_reuse -file top_incremental_reuse_routed.rpt
INFO: [Vivado_Tcl 4-1062] Incremental flow is disabled. No incremental reuse Info to report.
INFO: [runtcl-4] Executing : report_clock_utilization -file top_clock_utilization_routed.rpt
INFO: [runtcl-4] Executing : report_bus_skew -warn_on_violation -file top_bus_skew_routed.rpt -pb top_bus_skew_routed.pb -rpx top_bus_skew_routed.rpx
INFO: [Timing 38-91] UpdateTimingParams: Speed grade: -2, Delay Type: min_max.
INFO: [Timing 38-191] Multithreading enabled for timing update using a maximum of 2 CPUs
INFO: [Timing 38-480] Writing timing data to binary archive.
Write ShapeDB Complete: Time (s): cpu = 00:00:00 ; elapsed = 00:00:00.019 . Memory (MB): peak = 2723.828 ; gain = 0.000
Wrote PlaceDB: Time (s): cpu = 00:00:01 ; elapsed = 00:00:00.950 . Memory (MB): peak = 2723.828 ; gain = 0.000
Wrote PulsedLatchDB: Time (s): cpu = 00:00:00 ; elapsed = 00:00:00 . Memory (MB): peak = 2723.828 ; gain = 0.000
Writing XDEF routing.
Writing XDEF routing logical nets.
Writing XDEF routing special nets.
Wrote RouteStorage: Time (s): cpu = 00:00:00 ; elapsed = 00:00:00.174 . Memory (MB): peak = 2723.828 ; gain = 0.000
Wrote Netlist Cache: Time (s): cpu = 00:00:00 ; elapsed = 00:00:00.020 . Memory (MB): peak = 2723.828 ; gain = 0.000
Wrote Device Cache: Time (s): cpu = 00:00:00 ; elapsed = 00:00:00.009 . Memory (MB): peak = 2723.828 ; gain = 0.000
Write Physdb Complete: Time (s): cpu = 00:00:01 ; elapsed = 00:00:01 . Memory (MB): peak = 2723.828 ; gain = 0.000
INFO: [Common 17-1381] The checkpoint 'C:/Users/86138/Desktop/vivado_file/five_level_200MHz_with_all_branch/digital_twin.runs/impl_1/top_routed.dcp' has been generated.
INFO: [Common 17-206] Exiting Vivado at Tue Jul 15 00:46:24 2025...
